Microchip MPLAB XC8 Compiler V2.31

Linker command line:

-W-3 --edf=C:\Program Files\Microchip\xc8\v2.31\pic\dat\en_msgs.txt -cn \
  -h+dist/default/production\PIC_Master.X.production.sym \
  --cmf=dist/default/production\PIC_Master.X.production.cmf -z -Q16F887 \
  -oC:\Users\pc\AppData\Local\Temp\s6c4.2 --defsym=__MPLAB_BUILD=1 \
  -Mdist/default/production/PIC_Master.X.production.map -E1 \
  -ver=XC8 Compiler --acfsm=1493 -ASTACK=0110h-016Fh -pstack=STACK \
  -ACODE=00h-07FFhx4 -ASTRCODE=00h-01FFFh -ASTRING=00h-0FFhx32 \
  -ACONST=00h-0FFhx32 -AENTRY=00h-0FFhx32 -ACOMMON=070h-07Fh \
  -ABANK0=020h-06Fh -ABANK1=0A0h-0EFh -ABANK2=0110h-016Fh \
  -ABANK3=0190h-01EFh -ARAM=020h-06Fh,0A0h-0EFh,0110h-016Fh,0190h-01EFh \
  -AABS1=020h-07Fh,0A0h-0EFh,0110h-016Fh,0190h-01EFh -ASFR0=00h-01Fh \
  -ASFR1=080h-09Fh -ASFR2=0100h-010Fh -ASFR3=0180h-018Fh \
  -ACONFIG=02007h-02008h -DCONFIG=2 -AIDLOC=02000h-02003h -DIDLOC=2 \
  -AEEDATA=00h-0FFh/02100h -peeprom_data=EEDATA -DEEDATA=2 -DCODE=2 \
  -DSTRCODE=2 -DSTRING=2 -DCONST=2 -DENTRY=2 \
  -preset_vec=00h,intentry=04h,init,end_init -ppowerup=CODE -pcinit=CODE \
  -pfunctab=ENTRY -k C:\Users\pc\AppData\Local\Temp\s6c4.o \
  dist/default/production\PIC_Master.X.production.o 

Object code version is 3.11

Machine type is 16F887



                Name                               Link     Load   Length Selector   Space Scale
C:\Users\pc\AppData\Local\Temp\s6c4.o
                end_init                              C        C        3        8       0
                reset_vec                             0        0        3        0       0
                config                             2007     2007        2        0       4
dist/default/production\PIC_Master.X.production.o
                cinit                                 F        F       16        8       0
                intentry                              4        4        8        8       0
                config                             2007     2007        2        0       4
                text26                              B5E      B5E        E     16BC       0
                text25                              BD6      BD6       21     17AC       0
                text24                              7DA      7DA       22        8       0
                text23                              B82      B82       1A     1704       0
                text22                              B51      B51        D     16A2       0
                text21                              D81      D81       62     1B02       0
                text20                              D29      D29       58     1A52       0
                text19                              CAA      CAA       39     1954       0
                text18                              BF7      BF7       29     17EE       0
                text17                              B9C      B9C       1B     1738       0
                text16                              B47      B47        A     168E       0
                text15                              BB7      BB7       1F     176E       0
                text14                              CE3      CE3       46     19C6       0
                text13                              C49      C49       2B     1892       0
                text12                              E55      E55       73     1CAA       0
                text11                              DE3      DE3       72     1BC6       0
                text10                              C20      C20       29     1840       0
                text9                                25       25      361        8       0
                text8                               EC8      EC8       7C     1D90       0
                text7                               F44      F44       BC     1E88       0
                text6                               6B5      6B5      125        8       0
                text5                               B6C      B6C       16     16D8       0
                text4                               C74      C74       36     18E8       0
                text3                               B37      B37        7     166E       0
                text2                               B3E      B3E        9     167C       0
                text1                               B31      B31        6     1662       0
                maintext                            386      386      32F        8       0
                cstackBANK0                          20       20       36       20       1
                cstackCOMMON                         70       70        8       70       1
                bssBANK0                             56       56        D       20       1
                bssCOMMON                            78       78        3       70       1
                strings                             800      800       B2     1000       0

TOTAL           Name                               Link     Load   Length     Space
        CLASS   STACK          

        CLASS   CODE           
                end_init                              C        C        3         0
                cinit                                 F        F       16         0
                intentry                              4        4        8         0
                reset_vec                             0        0        3         0
                text26                              B5E      B5E        E         0
                text25                              BD6      BD6       21         0
                text24                              7DA      7DA       22         0
                text23                              B82      B82       1A         0
                text22                              B51      B51        D         0
                text21                              D81      D81       62         0
                text20                              D29      D29       58         0
                text19                              CAA      CAA       39         0
                text18                              BF7      BF7       29         0
                text17                              B9C      B9C       1B         0
                text16                              B47      B47        A         0
                text15                              BB7      BB7       1F         0
                text14                              CE3      CE3       46         0
                text13                              C49      C49       2B         0
                text12                              E55      E55       73         0
                text11                              DE3      DE3       72         0
                text10                              C20      C20       29         0
                text9                                25       25      361         0
                text8                               EC8      EC8       7C         0
                text7                               F44      F44       BC         0
                text6                               6B5      6B5      125         0
                text5                               B6C      B6C       16         0
                text4                               C74      C74       36         0
                text3                               B37      B37        7         0
                text2                               B3E      B3E        9         0
                text1                               B31      B31        6         0
                maintext                            386      386      32F         0

        CLASS   STRCODE        

        CLASS   STRING         
                strings                             800      800       B2         0

        CLASS   CONST          

        CLASS   ENTRY          

        CLASS   COMMON         
                cstackCOMMON                         70       70        8         1
                bssCOMMON                            78       78        3         1

        CLASS   BANK0          
                cstackBANK0                          20       20       36         1
                bssBANK0                             56       56        D         1

        CLASS   BANK1          

        CLASS   BANK2          

        CLASS   BANK3          

        CLASS   RAM            

        CLASS   ABS1           
                abs_s1                               7E       7E        2         1

        CLASS   SFR0           

        CLASS   SFR1           

        CLASS   SFR2           

        CLASS   SFR3           

        CLASS   CONFIG         
                config                             2007     2007        2         4

        CLASS   IDLOC          

        CLASS   EEDATA         



SEGMENTS        Name                           Load    Length   Top    Selector   Space  Class     Delta

                reset_vec                      000000  000003  000003         0       0  CODE        2
                intentry                       000004  0007F8  0007FC         8       0  CODE        2
                cstackBANK0                    000020  000043  000063        20       1  BANK0       1
                cstackCOMMON                   000070  00000B  00007B        70       1  COMMON      1
                strings                        000800  0000B2  0008B2      1000       0  STRING      2
                text1                          000B31  000006  000B37      1662       0  CODE        2
                text3                          000B37  000007  000B3E      166E       0  CODE        2
                text2                          000B3E  000009  000B47      167C       0  CODE        2
                text16                         000B47  00000A  000B51      168E       0  CODE        2
                text22                         000B51  00000D  000B5E      16A2       0  CODE        2
                text26                         000B5E  00000E  000B6C      16BC       0  CODE        2
                text5                          000B6C  000016  000B82      16D8       0  CODE        2
                text23                         000B82  00001A  000B9C      1704       0  CODE        2
                text17                         000B9C  00001B  000BB7      1738       0  CODE        2
                text15                         000BB7  00001F  000BD6      176E       0  CODE        2
                text25                         000BD6  000021  000BF7      17AC       0  CODE        2
                text18                         000BF7  000029  000C20      17EE       0  CODE        2
                text10                         000C20  000029  000C49      1840       0  CODE        2
                text13                         000C49  00002B  000C74      1892       0  CODE        2
                text4                          000C74  000036  000CAA      18E8       0  CODE        2
                text19                         000CAA  000039  000CE3      1954       0  CODE        2
                text14                         000CE3  000046  000D29      19C6       0  CODE        2
                text20                         000D29  000058  000D81      1A52       0  CODE        2
                text21                         000D81  000062  000DE3      1B02       0  CODE        2
                text11                         000DE3  000072  000E55      1BC6       0  CODE        2
                text12                         000E55  000073  000EC8      1CAA       0  CODE        2
                text8                          000EC8  00007C  000F44      1D90       0  CODE        2
                text7                          000F44  0000BC  001000      1E88       0  CODE        2


UNUSED ADDRESS RANGES

        Name                Unused          Largest block    Delta
        BANK0            0063-006F              D           1
        BANK1            00A0-00EF             50           1
        BANK2            0110-016F             60           1
        BANK3            0190-01EF             60           1
        CODE             0003-0003              1           2
                         07FC-07FF              4
                         08B2-0B30            27F
                         1000-1FFF            800
        COMMON           007B-007D              3           1
        CONST            0003-0003              1           2
                         07FC-07FF              4
                         08B2-0B30            100
                         1000-1FFF            100
        EEDATA           2100-21FF            100           2
        ENTRY            0003-0003              1           2
                         07FC-07FF              4
                         08B2-0B30            100
                         1000-1FFF            100
        IDLOC            2000-2003              4           2
        RAM              0063-006F              D           1
                         00A0-00EF             50
                         0110-016F             60
                         0190-01EF             60
        SFR0             0000-001F             20           1
        SFR1             0080-009F             20           1
        SFR2             0100-010F             10           1
        SFR3             0180-018F             10           1
        STACK            0110-016F             60           1
        STRCODE          0003-0003              1           2
                         07FC-07FF              4
                         08B2-0B30            27F
                         1000-1FFF           1000
        STRING           0003-0003              1           2
                         07FC-07FF              4
                         08B2-0B30            100
                         1000-1FFF            100

                                  Symbol Table

?__Umul8_16                               cstackCOMMON 0073
?___flmul                                 cstackBANK0  002A
?___fltol                                 cstackBANK0  0044
?___lwdiv                                 cstackCOMMON 0073
?___wmul                                  cstackCOMMON 0073
?___xxtofl                                cstackCOMMON 0073
Lcd_Cmd@a                                 cstackCOMMON 0076
Lcd_Port@a                                cstackCOMMON 0073
Lcd_Set_Cursor@a                          cstackBANK0  0022
Lcd_Set_Cursor@b                          cstackCOMMON 0077
Lcd_Set_Cursor@temp                       cstackBANK0  0025
Lcd_Set_Cursor@y                          cstackBANK0  0024
Lcd_Set_Cursor@z                          cstackBANK0  0023
Lcd_Write_Char@a                          cstackCOMMON 0077
Lcd_Write_Char@temp                       cstackCOMMON 0075
Lcd_Write_Char@y                          cstackCOMMON 0076
Lcd_Write_String@a                        cstackBANK0  0022
Lcd_Write_String@i                        cstackBANK0  0020
UART_send_char@bt                         cstackCOMMON 0073
UART_send_string@st_pt                    cstackCOMMON 0075
_ANSEL                                    (abs)        0188
_ANSELH                                   (abs)        0189
_INTCONbits                               (abs)        000B
_Lcd_Clear                                text22       0B51
_Lcd_Cmd                                  text23       0B82
_Lcd_Init                                 text21       0D81
_Lcd_Port                                 text24       07DA
_Lcd_Set_Cursor                           text20       0D29
_Lcd_Write_Char                           text19       0CAA
_Lcd_Write_String                         text18       0BF7
_PIE1bits                                 (abs)        008C
_PIR1bits                                 (abs)        000C
_PORTA                                    (abs)        0005
_PORTB                                    (abs)        0006
_PORTC                                    (abs)        0007
_PORTCbits                                (abs)        0007
_PORTD                                    (abs)        0008
_PORTE                                    (abs)        0009
_RCREG                                    (abs)        001A
_RCSTAbits                                (abs)        0018
_RD2                                      (abs)        0042
_RD3                                      (abs)        0043
_RD4                                      (abs)        0044
_RD5                                      (abs)        0045
_RD6                                      (abs)        0046
_RD7                                      (abs)        0047
_SPBRG                                    (abs)        0099
_SSPBUF                                   (abs)        0013
_SSPCON                                   (abs)        0014
_SSPSTAT                                  (abs)        0094
_SSPSTATbits                              (abs)        0094
_TRISA                                    (abs)        0085
_TRISB                                    (abs)        0086
_TRISC                                    (abs)        0087
_TRISC3                                   (abs)        043B
_TRISC5                                   (abs)        043D
_TRISCbits                                (abs)        0087
_TRISD                                    (abs)        0088
_TRISE                                    (abs)        0089
_TXIF                                     (abs)        0064
_TXREG                                    (abs)        0019
_TXSTAbits                                (abs)        0098
_UART_config                              text17       0B9C
_UART_get_char                            text26       0B5E
_UART_send_char                           text16       0B47
_UART_send_string                         text15       0BB7
__Habs1                                   abs1         0000
__Hbank0                                  bank0        0000
__Hbank1                                  bank1        0000
__Hbank2                                  bank2        0000
__Hbank3                                  bank3        0000
__HbssBANK0                               bssBANK0     0000
__HbssCOMMON                              bssCOMMON    0000
__Hcinit                                  cinit        0025
__Hclrtext                                clrtext      0000
__Hcode                                   code         0000
__Hcommon                                 common       0000
__Hconfig                                 config       2009
__HcstackBANK0                            cstackBANK0  0000
__HcstackCOMMON                           cstackCOMMON 0000
__Heeprom_data                            eeprom_data  0000
__Hend_init                               end_init     000F
__Hfunctab                                functab      0000
__Hinit                                   init         000C
__Hintentry                               intentry     000C
__Hmaintext                               maintext     0000
__Hpowerup                                powerup      0000
__Hram                                    ram          0000
__Hreset_vec                              reset_vec    0003
__Hsfr0                                   sfr0         0000
__Hsfr1                                   sfr1         0000
__Hsfr2                                   sfr2         0000
__Hsfr3                                   sfr3         0000
__Hspace_0                                (abs)        1000
__Hspace_1                                (abs)        007B
__Hspace_2                                (abs)        0000
__Hspace_3                                (abs)        0000
__Hspace_4                                (abs)        4010
__Hstack                                  stack        0000
__Hstrings                                strings      0000
__Htext                                   text         0000
__Labs1                                   abs1         0000
__Lbank0                                  bank0        0000
__Lbank1                                  bank1        0000
__Lbank2                                  bank2        0000
__Lbank3                                  bank3        0000
__LbssBANK0                               bssBANK0     0000
__LbssCOMMON                              bssCOMMON    0000
__Lcinit                                  cinit        000F
__Lclrtext                                clrtext      0000
__Lcode                                   code         0000
__Lcommon                                 common       0000
__Lconfig                                 config       0000
__LcstackBANK0                            cstackBANK0  0000
__LcstackCOMMON                           cstackCOMMON 0000
__Leeprom_data                            eeprom_data  0000
__Lend_init                               end_init     000C
__Lfunctab                                functab      0000
__Linit                                   init         000C
__Lintentry                               intentry     0004
__Lmaintext                               maintext     0000
__Lpowerup                                powerup      0000
__Lram                                    ram          0000
__Lreset_vec                              reset_vec    0000
__Lsfr0                                   sfr0         0000
__Lsfr1                                   sfr1         0000
__Lsfr2                                   sfr2         0000
__Lsfr3                                   sfr3         0000
__Lspace_0                                (abs)        0000
__Lspace_1                                (abs)        0000
__Lspace_2                                (abs)        0000
__Lspace_3                                (abs)        0000
__Lspace_4                                (abs)        0000
__Lstack                                  stack        0000
__Lstrings                                strings      0000
__Ltext                                   text         0000
__S0                                      (abs)        1000
__S1                                      (abs)        007B
__S2                                      (abs)        0000
__S3                                      (abs)        0000
__Umul8_16                                text10       0C20
__Umul8_16@multiplicand                   cstackCOMMON 0073
__Umul8_16@multiplier                     cstackBANK0  0024
__Umul8_16@product                        cstackBANK0  0020
__Umul8_16@word_mpld                      cstackBANK0  0022
___flmul                                  text9        0025
___flmul@a                                cstackBANK0  002E
___flmul@aexp                             cstackBANK0  003C
___flmul@b                                cstackBANK0  002A
___flmul@bexp                             cstackBANK0  003D
___flmul@grs                              cstackBANK0  0038
___flmul@prod                             cstackBANK0  003E
___flmul@sign                             cstackBANK0  0037
___flmul@temp                             cstackBANK0  0042
___fltol                                  text8        0EC8
___fltol@exp1                             cstackBANK0  004E
___fltol@f1                               cstackBANK0  0044
___fltol@sign1                            cstackBANK0  004D
___int_sp                                 stack        0000
___latbits                                (abs)        0002
___lwdiv                                  text14       0CE3
___lwdiv@counter                          cstackBANK0  0020
___lwdiv@dividend                         cstackCOMMON 0075
___lwdiv@divisor                          cstackCOMMON 0073
___lwdiv@quotient                         cstackBANK0  0021
___sp                                     stack        0000
___stackhi                                (abs)        0000
___stacklo                                (abs)        0000
___wmul                                   text13       0C49
___wmul@multiplicand                      cstackCOMMON 0075
___wmul@multiplier                        cstackCOMMON 0073
___wmul@product                           cstackBANK0  0020
___xxtofl                                 text7        0F44
___xxtofl@arg                             cstackBANK0  0026
___xxtofl@exp                             cstackBANK0  0025
___xxtofl@sign                            cstackBANK0  0024
___xxtofl@val                             cstackCOMMON 0073
__end_of_Lcd_Clear                        text22       0B5E
__end_of_Lcd_Cmd                          text23       0B9C
__end_of_Lcd_Init                         text21       0DE3
__end_of_Lcd_Port                         text24       07FC
__end_of_Lcd_Set_Cursor                   text20       0D81
__end_of_Lcd_Write_Char                   text19       0CE3
__end_of_Lcd_Write_String                 text18       0C20
__end_of_UART_config                      text17       0BB7
__end_of_UART_get_char                    text26       0B6C
__end_of_UART_send_char                   text16       0B51
__end_of_UART_send_string                 text15       0BD6
__end_of__Umul8_16                        text10       0C49
__end_of___flmul                          text9        0386
__end_of___fltol                          text8        0F44
__end_of___lwdiv                          text14       0D29
__end_of___wmul                           text13       0C74
__end_of___xxtofl                         text7        1000
__end_of__initialization                  cinit        0021
__end_of__stringtab                       strings      0806
__end_of_conv_Numero_A_String             text12       0EC8
__end_of_conv_Numero_A_StringContador     text11       0E55
__end_of_conv_Numero_A_StringTemperatura  text6        07DA
__end_of_isr                              text25       0BF7
__end_of_main                             maintext     06B5
__end_of_setup                            text4        0CAA
__end_of_spiInit                          text5        0B82
__end_of_spiRead                          text2        0B47
__end_of_spiReceiveWait                   text3        0B3E
__end_of_spiWrite                         text1        0B37
__initialization                          cinit        000F
__pbssBANK0                               bssBANK0     0056
__pbssCOMMON                              bssCOMMON    0078
__pcstackBANK0                            cstackBANK0  0020
__pcstackCOMMON                           cstackCOMMON 0070
__pintentry                               intentry     0004
__pmaintext                               maintext     0386
__pstrings                                strings      0800
__ptext1                                  text1        0B31
__ptext10                                 text10       0C20
__ptext11                                 text11       0DE3
__ptext12                                 text12       0E55
__ptext13                                 text13       0C49
__ptext14                                 text14       0CE3
__ptext15                                 text15       0BB7
__ptext16                                 text16       0B47
__ptext17                                 text17       0B9C
__ptext18                                 text18       0BF7
__ptext19                                 text19       0CAA
__ptext2                                  text2        0B3E
__ptext20                                 text20       0D29
__ptext21                                 text21       0D81
__ptext22                                 text22       0B51
__ptext23                                 text23       0B82
__ptext24                                 text24       07DA
__ptext25                                 text25       0BD6
__ptext26                                 text26       0B5E
__ptext3                                  text3        0B37
__ptext4                                  text4        0C74
__ptext5                                  text5        0B6C
__ptext6                                  text6        06B5
__ptext7                                  text7        0F44
__ptext8                                  text8        0EC8
__ptext9                                  text9        0025
__size_of_Lcd_Clear                       (abs)        0000
__size_of_Lcd_Cmd                         (abs)        0000
__size_of_Lcd_Init                        (abs)        0000
__size_of_Lcd_Port                        (abs)        0000
__size_of_Lcd_Set_Cursor                  (abs)        0000
__size_of_Lcd_Write_Char                  (abs)        0000
__size_of_Lcd_Write_String                (abs)        0000
__size_of_UART_config                     (abs)        0000
__size_of_UART_get_char                   (abs)        0000
__size_of_UART_send_char                  (abs)        0000
__size_of_UART_send_string                (abs)        0000
__size_of__Umul8_16                       (abs)        0000
__size_of___flmul                         (abs)        0000
__size_of___fltol                         (abs)        0000
__size_of___lwdiv                         (abs)        0000
__size_of___wmul                          (abs)        0000
__size_of___xxtofl                        (abs)        0000
__size_of_conv_Numero_A_String            (abs)        0000
__size_of_conv_Numero_A_StringContador    (abs)        0000
__size_of_conv_Numero_A_StringTemperatura (abs)        0000
__size_of_isr                             (abs)        0000
__size_of_main                            (abs)        0000
__size_of_setup                           (abs)        0000
__size_of_spiInit                         (abs)        0000
__size_of_spiRead                         (abs)        0000
__size_of_spiReceiveWait                  (abs)        0000
__size_of_spiWrite                        (abs)        0000
__stringbase                              strings      0805
__stringtab                               strings      0800
_centenaV                                 bssBANK0     005C
_centenaVcontador                         bssBANK0     0059
_centenaVtemperatura                      bssBANK0     0057
_conv_Numero_A_String                     text12       0E55
_conv_Numero_A_StringContador             text11       0DE3
_conv_Numero_A_StringTemperatura          text6        06B5
_decenaV                                  bssBANK0     005D
_decenaVcontador                          bssBANK0     005A
_decenaVtemperatura                       bssBANK0     0058
_isr                                      text25       0BD6
_main                                     maintext     0386
_setup                                    text4        0C74
_signo                                    bssBANK0     0056
_slave1                                   bssBANK0     0062
_slave2                                   bssBANK0     0061
_slave3                                   bssBANK0     0060
_spiInit                                  text5        0B6C
_spiRead                                  text2        0B3E
_spiReceiveWait                           text3        0B37
_spiWrite                                 text1        0B31
_unidadV                                  bssBANK0     005E
_unidadVcontador                          bssBANK0     005B
_unidadVtemperatura                       bssCOMMON    0078
_valor                                    bssCOMMON    0079
_valorRX                                  bssBANK0     005F
btemp                                     (abs)        007E
conv_Numero_A_String@x                    cstackBANK0  0025
conv_Numero_A_StringContador@x            cstackBANK0  0025
conv_Numero_A_StringTemperatura@x         cstackBANK0  0053
end_of_initialization                     cinit        0021
interrupt_function                        intentry     0004
intlevel0                                 functab      0000
intlevel1                                 functab      0000
intlevel2                                 functab      0000
intlevel3                                 functab      0000
intlevel4                                 functab      0000
intlevel5                                 functab      0000
reset_vec                                 reset_vec    0000
saved_w                                   (abs)        007E
spiInit@sClockIdle                        cstackCOMMON 0074
spiInit@sDataSample                       cstackCOMMON 0073
spiInit@sTransmitEdge                     cstackCOMMON 0075
spiInit@sType                             cstackCOMMON 0076
spiWrite@dat                              cstackCOMMON 0073
start                                     init         000C
start_initialization                      cinit        000F
wtemp0                                    (abs)        007E


FUNCTION INFORMATION:

 *************** function _main *****************
 Defined at:
		line 83 in file "PIC_Master.c"
 Parameters:    Size  Location     Type
		None
 Auto vars:     Size  Location     Type
		None
 Return value:  Size  Location     Type
                  1    wreg      void 
 Registers used:
		wreg, fsr0l, fsr0h, status,2, status,0, btemp+1, pclath, cstack
 Tracked objects:
		On entry : 
		On exit  : 
		Unchanged: 
 Data sizes:     COMMON   BANK0   BANK1   BANK3   BANK2
      Params:         0       0       0       0       0
      Locals:         0       0       0       0       0
      Temps:          0       2       0       0       0
      Totals:         0       2       0       0       0
Total ram usage:        2 bytes
 Hardware stack levels required when called:    5
 This function calls:
		_Lcd_Clear
		_Lcd_Init
		_Lcd_Set_Cursor
		_Lcd_Write_Char
		_Lcd_Write_String
		_UART_config
		_UART_send_char
		_UART_send_string
		_conv_Numero_A_String
		_conv_Numero_A_StringContador
		_conv_Numero_A_StringTemperatura
		_setup
		_spiRead
		_spiWrite
 This function is called by:
		Startup code after reset
 This function uses a non-reentrant model


 *************** function _spiWrite *****************
 Defined at:
		line 34 in file "SPI.c"
 Parameters:    Size  Location     Type
  dat             1    wreg     unsigned char 
 Auto vars:     Size  Location     Type
  dat             1    3[COMMON] unsigned char 
 Return value:  Size  Location     Type
                  1    wreg      void 
 Registers used:
		wreg
 Tracked objects:
		On entry : 
		On exit  : 
		Unchanged: 
 Data sizes:     COMMON   BANK0   BANK1   BANK3   BANK2
      Params:         0       0       0       0       0
      Locals:         1       0       0       0       0
      Temps:          0       0       0       0       0
      Totals:         1       0       0       0       0
Total ram usage:        1 bytes
 Hardware stack levels used:    1
 Hardware stack levels required when called:    2
 This function calls:
		Nothing
 This function is called by:
		_main
 This function uses a non-reentrant model


 *************** function _spiRead *****************
 Defined at:
		line 47 in file "SPI.c"
 Parameters:    Size  Location     Type
		None
 Auto vars:     Size  Location     Type
		None
 Return value:  Size  Location     Type
                  1    wreg      unsigned char 
 Registers used:
		wreg, status,2, status,0, pclath, cstack
 Tracked objects:
		On entry : 
		On exit  : 
		Unchanged: 
 Data sizes:     COMMON   BANK0   BANK1   BANK3   BANK2
      Params:         0       0       0       0       0
      Locals:         0       0       0       0       0
      Temps:          0       0       0       0       0
      Totals:         0       0       0       0       0
Total ram usage:        0 bytes
 Hardware stack levels used:    1
 Hardware stack levels required when called:    3
 This function calls:
		_spiReceiveWait
 This function is called by:
		_main
 This function uses a non-reentrant model


 *************** function _spiReceiveWait *****************
 Defined at:
		line 29 in file "SPI.c"
 Parameters:    Size  Location     Type
		None
 Auto vars:     Size  Location     Type
		None
 Return value:  Size  Location     Type
                  1    wreg      void 
 Registers used:
		None
 Tracked objects:
		On entry : 
		On exit  : 
		Unchanged: 
 Data sizes:     COMMON   BANK0   BANK1   BANK3   BANK2
      Params:         0       0       0       0       0
      Locals:         0       0       0       0       0
      Temps:          0       0       0       0       0
      Totals:         0       0       0       0       0
Total ram usage:        0 bytes
 Hardware stack levels used:    1
 Hardware stack levels required when called:    2
 This function calls:
		Nothing
 This function is called by:
		_spiRead
 This function uses a non-reentrant model


 *************** function _setup *****************
 Defined at:
		line 272 in file "PIC_Master.c"
 Parameters:    Size  Location     Type
		None
 Auto vars:     Size  Location     Type
		None
 Return value:  Size  Location     Type
                  1    wreg      void 
 Registers used:
		wreg, status,2, status,0, pclath, cstack
 Tracked objects:
		On entry : 
		On exit  : 
		Unchanged: 
 Data sizes:     COMMON   BANK0   BANK1   BANK3   BANK2
      Params:         0       0       0       0       0
      Locals:         0       0       0       0       0
      Temps:          0       0       0       0       0
      Totals:         0       0       0       0       0
Total ram usage:        0 bytes
 Hardware stack levels used:    1
 Hardware stack levels required when called:    3
 This function calls:
		_spiInit
 This function is called by:
		_main
 This function uses a non-reentrant model


 *************** function _spiInit *****************
 Defined at:
		line 12 in file "SPI.c"
 Parameters:    Size  Location     Type
  sType           1    wreg     enum E1264
  sDataSample     1    3[COMMON] enum E1272
  sClockIdle      1    4[COMMON] enum E1276
  sTransmitEdg    1    5[COMMON] enum E1280
 Auto vars:     Size  Location     Type
  sType           1    6[COMMON] enum E1264
 Return value:  Size  Location     Type
                  1    wreg      void 
 Registers used:
		wreg, status,2, status,0
 Tracked objects:
		On entry : 
		On exit  : 
		Unchanged: 
 Data sizes:     COMMON   BANK0   BANK1   BANK3   BANK2
      Params:         3       0       0       0       0
      Locals:         1       0       0       0       0
      Temps:          0       0       0       0       0
      Totals:         4       0       0       0       0
Total ram usage:        4 bytes
 Hardware stack levels used:    1
 Hardware stack levels required when called:    2
 This function calls:
		Nothing
 This function is called by:
		_setup
 This function uses a non-reentrant model


 *************** function _conv_Numero_A_StringTemperatura *****************
 Defined at:
		line 333 in file "PIC_Master.c"
 Parameters:    Size  Location     Type
  x               1    wreg     unsigned char 
 Auto vars:     Size  Location     Type
  x               1   51[BANK0 ] unsigned char 
 Return value:  Size  Location     Type
                  1    wreg      void 
 Registers used:
		wreg, status,2, status,0, btemp+1, pclath, cstack
 Tracked objects:
		On entry : 
		On exit  : 
		Unchanged: 
 Data sizes:     COMMON   BANK0   BANK1   BANK3   BANK2
      Params:         0       0       0       0       0
      Locals:         0       1       0       0       0
      Temps:          0       4       0       0       0
      Totals:         0       5       0       0       0
Total ram usage:        5 bytes
 Hardware stack levels used:    1
 Hardware stack levels required when called:    4
 This function calls:
		___flmul
		___fltol
		___lwdiv
		___wmul
		___xxtofl
 This function is called by:
		_main
 This function uses a non-reentrant model


 *************** function ___xxtofl *****************
 Defined at:
		line 10 in file "C:\Program Files\Microchip\xc8\v2.31\pic\sources\c90\common\xxtofl.c"
 Parameters:    Size  Location     Type
  sign            1    wreg     unsigned char 
  val             4    3[COMMON] long 
 Auto vars:     Size  Location     Type
  sign            1    4[BANK0 ] unsigned char 
  arg             4    6[BANK0 ] unsigned long 
  exp             1    5[BANK0 ] unsigned char 
 Return value:  Size  Location     Type
                  4    3[COMMON] unsigned char 
 Registers used:
		wreg, status,2, status,0
 Tracked objects:
		On entry : 
		On exit  : 
		Unchanged: 
 Data sizes:     COMMON   BANK0   BANK1   BANK3   BANK2
      Params:         4       0       0       0       0
      Locals:         0       6       0       0       0
      Temps:          0       4       0       0       0
      Totals:         4      10       0       0       0
Total ram usage:       14 bytes
 Hardware stack levels used:    1
 Hardware stack levels required when called:    2
 This function calls:
		Nothing
 This function is called by:
		_conv_Numero_A_StringTemperatura
 This function uses a non-reentrant model


 *************** function ___fltol *****************
 Defined at:
		line 43 in file "C:\Program Files\Microchip\xc8\v2.31\pic\sources\c90\common\fltol.c"
 Parameters:    Size  Location     Type
  f1              4   36[BANK0 ] unsigned char 
 Auto vars:     Size  Location     Type
  exp1            1   46[BANK0 ] unsigned char 
  sign1           1   45[BANK0 ] unsigned char 
 Return value:  Size  Location     Type
                  4   36[BANK0 ] long 
 Registers used:
		wreg, status,2, status,0
 Tracked objects:
		On entry : 
		On exit  : 
		Unchanged: 
 Data sizes:     COMMON   BANK0   BANK1   BANK3   BANK2
      Params:         0       4       0       0       0
      Locals:         0       2       0       0       0
      Temps:          0       5       0       0       0
      Totals:         0      11       0       0       0
Total ram usage:       11 bytes
 Hardware stack levels used:    1
 Hardware stack levels required when called:    2
 This function calls:
		Nothing
 This function is called by:
		_conv_Numero_A_StringTemperatura
 This function uses a non-reentrant model


 *************** function ___flmul *****************
 Defined at:
		line 8 in file "C:\Program Files\Microchip\xc8\v2.31\pic\sources\c90\common\sprcmul.c"
 Parameters:    Size  Location     Type
  b               4   10[BANK0 ] long 
  a               4   14[BANK0 ] long 
 Auto vars:     Size  Location     Type
  prod            4   30[BANK0 ] struct .
  grs             4   24[BANK0 ] unsigned long 
  temp            2   34[BANK0 ] struct .
  bexp            1   29[BANK0 ] unsigned char 
  aexp            1   28[BANK0 ] unsigned char 
  sign            1   23[BANK0 ] unsigned char 
 Return value:  Size  Location     Type
                  4   10[BANK0 ] unsigned char 
 Registers used:
		wreg, status,2, status,0, btemp+1, pclath, cstack
 Tracked objects:
		On entry : 
		On exit  : 
		Unchanged: 
 Data sizes:     COMMON   BANK0   BANK1   BANK3   BANK2
      Params:         0       8       0       0       0
      Locals:         0      13       0       0       0
      Temps:          0       5       0       0       0
      Totals:         0      26       0       0       0
Total ram usage:       26 bytes
 Hardware stack levels used:    1
 Hardware stack levels required when called:    3
 This function calls:
		__Umul8_16
 This function is called by:
		_conv_Numero_A_StringTemperatura
 This function uses a non-reentrant model


 *************** function __Umul8_16 *****************
 Defined at:
		line 4 in file "C:\Program Files\Microchip\xc8\v2.31\pic\sources\c90\common\Umul8_16.c"
 Parameters:    Size  Location     Type
  multiplier      1    wreg     unsigned char 
  multiplicand    1    3[COMMON] unsigned char 
 Auto vars:     Size  Location     Type
  multiplier      1    4[BANK0 ] unsigned char 
  word_mpld       2    2[BANK0 ] unsigned int 
  product         2    0[BANK0 ] unsigned int 
 Return value:  Size  Location     Type
                  2    3[COMMON] unsigned int 
 Registers used:
		wreg, status,2, status,0
 Tracked objects:
		On entry : 
		On exit  : 
		Unchanged: 
 Data sizes:     COMMON   BANK0   BANK1   BANK3   BANK2
      Params:         2       0       0       0       0
      Locals:         0       5       0       0       0
      Temps:          2       0       0       0       0
      Totals:         4       5       0       0       0
Total ram usage:        9 bytes
 Hardware stack levels used:    1
 Hardware stack levels required when called:    2
 This function calls:
		Nothing
 This function is called by:
		___flmul
 This function uses a non-reentrant model


 *************** function _conv_Numero_A_StringContador *****************
 Defined at:
		line 318 in file "PIC_Master.c"
 Parameters:    Size  Location     Type
  x               1    wreg     unsigned char 
 Auto vars:     Size  Location     Type
  x               1    5[BANK0 ] unsigned char 
 Return value:  Size  Location     Type
                  1    wreg      void 
 Registers used:
		wreg, status,2, status,0, pclath, cstack
 Tracked objects:
		On entry : 
		On exit  : 
		Unchanged: 
 Data sizes:     COMMON   BANK0   BANK1   BANK3   BANK2
      Params:         0       0       0       0       0
      Locals:         0       1       0       0       0
      Temps:          0       2       0       0       0
      Totals:         0       3       0       0       0
Total ram usage:        3 bytes
 Hardware stack levels used:    1
 Hardware stack levels required when called:    3
 This function calls:
		___lwdiv
		___wmul
 This function is called by:
		_main
 This function uses a non-reentrant model


 *************** function _conv_Numero_A_String *****************
 Defined at:
		line 303 in file "PIC_Master.c"
 Parameters:    Size  Location     Type
  x               1    wreg     unsigned char 
 Auto vars:     Size  Location     Type
  x               1    5[BANK0 ] unsigned char 
 Return value:  Size  Location     Type
                  1    wreg      void 
 Registers used:
		wreg, status,2, status,0, pclath, cstack
 Tracked objects:
		On entry : 
		On exit  : 
		Unchanged: 
 Data sizes:     COMMON   BANK0   BANK1   BANK3   BANK2
      Params:         0       0       0       0       0
      Locals:         0       1       0       0       0
      Temps:          0       2       0       0       0
      Totals:         0       3       0       0       0
Total ram usage:        3 bytes
 Hardware stack levels used:    1
 Hardware stack levels required when called:    3
 This function calls:
		___lwdiv
		___wmul
 This function is called by:
		_main
 This function uses a non-reentrant model


 *************** function ___wmul *****************
 Defined at:
		line 15 in file "C:\Program Files\Microchip\xc8\v2.31\pic\sources\c90\common\Umul16.c"
 Parameters:    Size  Location     Type
  multiplier      2    3[COMMON] unsigned int 
  multiplicand    2    5[COMMON] unsigned int 
 Auto vars:     Size  Location     Type
  product         2    0[BANK0 ] unsigned int 
 Return value:  Size  Location     Type
                  2    3[COMMON] unsigned int 
 Registers used:
		wreg, status,2, status,0
 Tracked objects:
		On entry : 
		On exit  : 
		Unchanged: 
 Data sizes:     COMMON   BANK0   BANK1   BANK3   BANK2
      Params:         4       0       0       0       0
      Locals:         0       2       0       0       0
      Temps:          0       0       0       0       0
      Totals:         4       2       0       0       0
Total ram usage:        6 bytes
 Hardware stack levels used:    1
 Hardware stack levels required when called:    2
 This function calls:
		Nothing
 This function is called by:
		_conv_Numero_A_String
		_conv_Numero_A_StringContador
		_conv_Numero_A_StringTemperatura
 This function uses a non-reentrant model


 *************** function ___lwdiv *****************
 Defined at:
		line 5 in file "C:\Program Files\Microchip\xc8\v2.31\pic\sources\c90\common\lwdiv.c"
 Parameters:    Size  Location     Type
  divisor         2    3[COMMON] unsigned int 
  dividend        2    5[COMMON] unsigned int 
 Auto vars:     Size  Location     Type
  quotient        2    1[BANK0 ] unsigned int 
  counter         1    0[BANK0 ] unsigned char 
 Return value:  Size  Location     Type
                  2    3[COMMON] unsigned int 
 Registers used:
		wreg, status,2, status,0
 Tracked objects:
		On entry : 
		On exit  : 
		Unchanged: 
 Data sizes:     COMMON   BANK0   BANK1   BANK3   BANK2
      Params:         4       0       0       0       0
      Locals:         0       3       0       0       0
      Temps:          1       0       0       0       0
      Totals:         5       3       0       0       0
Total ram usage:        8 bytes
 Hardware stack levels used:    1
 Hardware stack levels required when called:    2
 This function calls:
		Nothing
 This function is called by:
		_conv_Numero_A_String
		_conv_Numero_A_StringContador
		_conv_Numero_A_StringTemperatura
 This function uses a non-reentrant model


 *************** function _UART_send_string *****************
 Defined at:
		line 32 in file "USART.c"
 Parameters:    Size  Location     Type
  st_pt           1    wreg     PTR unsigned char 
		 -> STR_23(33), STR_22(31), STR_21(26), STR_20(11), 
		 -> STR_19(22), STR_18(33), STR_17(31), STR_16(26), 
		 -> STR_15(11), STR_14(20), STR_13(33), STR_12(31), 
		 -> STR_11(26), STR_10(11), STR_9(15), STR_4(33), 
		 -> STR_3(31), STR_2(26), STR_1(11), 
 Auto vars:     Size  Location     Type
  st_pt           1    5[COMMON] PTR unsigned char 
		 -> STR_23(33), STR_22(31), STR_21(26), STR_20(11), 
		 -> STR_19(22), STR_18(33), STR_17(31), STR_16(26), 
		 -> STR_15(11), STR_14(20), STR_13(33), STR_12(31), 
		 -> STR_11(26), STR_10(11), STR_9(15), STR_4(33), 
		 -> STR_3(31), STR_2(26), STR_1(11), 
 Return value:  Size  Location     Type
                  1    wreg      void 
 Registers used:
		wreg, fsr0l, fsr0h, status,2, status,0, pclath, cstack
 Tracked objects:
		On entry : 
		On exit  : 
		Unchanged: 
 Data sizes:     COMMON   BANK0   BANK1   BANK3   BANK2
      Params:         0       0       0       0       0
      Locals:         1       0       0       0       0
      Temps:          1       0       0       0       0
      Totals:         2       0       0       0       0
Total ram usage:        2 bytes
 Hardware stack levels used:    1
 Hardware stack levels required when called:    3
 This function calls:
		_UART_send_char
 This function is called by:
		_main
 This function uses a non-reentrant model


 *************** function _UART_send_char *****************
 Defined at:
		line 27 in file "USART.c"
 Parameters:    Size  Location     Type
  bt              1    wreg     unsigned char 
 Auto vars:     Size  Location     Type
  bt              1    3[COMMON] unsigned char 
 Return value:  Size  Location     Type
                  1    wreg      void 
 Registers used:
		wreg
 Tracked objects:
		On entry : 
		On exit  : 
		Unchanged: 
 Data sizes:     COMMON   BANK0   BANK1   BANK3   BANK2
      Params:         0       0       0       0       0
      Locals:         1       0       0       0       0
      Temps:          0       0       0       0       0
      Totals:         1       0       0       0       0
Total ram usage:        1 bytes
 Hardware stack levels used:    1
 Hardware stack levels required when called:    2
 This function calls:
		Nothing
 This function is called by:
		_main
		_UART_send_string
 This function uses a non-reentrant model


 *************** function _UART_config *****************
 Defined at:
		line 3 in file "USART.c"
 Parameters:    Size  Location     Type
		None
 Auto vars:     Size  Location     Type
		None
 Return value:  Size  Location     Type
                  1    wreg      void 
 Registers used:
		wreg
 Tracked objects:
		On entry : 
		On exit  : 
		Unchanged: 
 Data sizes:     COMMON   BANK0   BANK1   BANK3   BANK2
      Params:         0       0       0       0       0
      Locals:         0       0       0       0       0
      Temps:          0       0       0       0       0
      Totals:         0       0       0       0       0
Total ram usage:        0 bytes
 Hardware stack levels used:    1
 Hardware stack levels required when called:    2
 This function calls:
		Nothing
 This function is called by:
		_main
 This function uses a non-reentrant model


 *************** function _Lcd_Write_String *****************
 Defined at:
		line 99 in file "./lcd.h"
 Parameters:    Size  Location     Type
  a               1    wreg     PTR unsigned char 
		 -> STR_8(2), STR_7(4), STR_6(4), STR_5(4), 
 Auto vars:     Size  Location     Type
  a               1    2[BANK0 ] PTR unsigned char 
		 -> STR_8(2), STR_7(4), STR_6(4), STR_5(4), 
  i               2    0[BANK0 ] int 
 Return value:  Size  Location     Type
                  1    wreg      void 
 Registers used:
		wreg, fsr0l, fsr0h, status,2, status,0, pclath, cstack
 Tracked objects:
		On entry : 
		On exit  : 
		Unchanged: 
 Data sizes:     COMMON   BANK0   BANK1   BANK3   BANK2
      Params:         0       0       0       0       0
      Locals:         0       3       0       0       0
      Temps:          0       0       0       0       0
      Totals:         0       3       0       0       0
Total ram usage:        3 bytes
 Hardware stack levels used:    1
 Hardware stack levels required when called:    4
 This function calls:
		_Lcd_Write_Char
 This function is called by:
		_main
 This function uses a non-reentrant model


 *************** function _Lcd_Write_Char *****************
 Defined at:
		line 83 in file "./lcd.h"
 Parameters:    Size  Location     Type
  a               1    wreg     unsigned char 
 Auto vars:     Size  Location     Type
  a               1    7[COMMON] unsigned char 
  y               1    6[COMMON] unsigned char 
  temp            1    5[COMMON] unsigned char 
 Return value:  Size  Location     Type
                  1    wreg      void 
 Registers used:
		wreg, status,2, status,0, pclath, cstack
 Tracked objects:
		On entry : 
		On exit  : 
		Unchanged: 
 Data sizes:     COMMON   BANK0   BANK1   BANK3   BANK2
      Params:         0       0       0       0       0
      Locals:         3       0       0       0       0
      Temps:          1       0       0       0       0
      Totals:         4       0       0       0       0
Total ram usage:        4 bytes
 Hardware stack levels used:    1
 Hardware stack levels required when called:    3
 This function calls:
		_Lcd_Port
 This function is called by:
		_Lcd_Write_String
		_main
 This function uses a non-reentrant model


 *************** function _Lcd_Set_Cursor *****************
 Defined at:
		line 43 in file "./lcd.h"
 Parameters:    Size  Location     Type
  a               1    wreg     unsigned char 
  b               1    7[COMMON] unsigned char 
 Auto vars:     Size  Location     Type
  a               1    2[BANK0 ] unsigned char 
  temp            1    5[BANK0 ] unsigned char 
  y               1    4[BANK0 ] unsigned char 
  z               1    3[BANK0 ] unsigned char 
 Return value:  Size  Location     Type
                  1    wreg      void 
 Registers used:
		wreg, status,2, status,0, pclath, cstack
 Tracked objects:
		On entry : 
		On exit  : 
		Unchanged: 
 Data sizes:     COMMON   BANK0   BANK1   BANK3   BANK2
      Params:         1       0       0       0       0
      Locals:         0       4       0       0       0
      Temps:          0       2       0       0       0
      Totals:         1       6       0       0       0
Total ram usage:        7 bytes
 Hardware stack levels used:    1
 Hardware stack levels required when called:    4
 This function calls:
		_Lcd_Cmd
 This function is called by:
		_main
 This function uses a non-reentrant model


 *************** function _Lcd_Init *****************
 Defined at:
		line 64 in file "./lcd.h"
 Parameters:    Size  Location     Type
		None
 Auto vars:     Size  Location     Type
		None
 Return value:  Size  Location     Type
                  1    wreg      void 
 Registers used:
		wreg, status,2, status,0, pclath, cstack
 Tracked objects:
		On entry : 
		On exit  : 
		Unchanged: 
 Data sizes:     COMMON   BANK0   BANK1   BANK3   BANK2
      Params:         0       0       0       0       0
      Locals:         0       0       0       0       0
      Temps:          0       2       0       0       0
      Totals:         0       2       0       0       0
Total ram usage:        2 bytes
 Hardware stack levels used:    1
 Hardware stack levels required when called:    4
 This function calls:
		_Lcd_Cmd
		_Lcd_Port
 This function is called by:
		_main
 This function uses a non-reentrant model


 *************** function _Lcd_Clear *****************
 Defined at:
		line 37 in file "./lcd.h"
 Parameters:    Size  Location     Type
		None
 Auto vars:     Size  Location     Type
		None
 Return value:  Size  Location     Type
                  2   84[None  ] int 
 Registers used:
		wreg, status,2, status,0, pclath, cstack
 Tracked objects:
		On entry : 
		On exit  : 
		Unchanged: 
 Data sizes:     COMMON   BANK0   BANK1   BANK3   BANK2
      Params:         0       0       0       0       0
      Locals:         0       0       0       0       0
      Temps:          0       0       0       0       0
      Totals:         0       0       0       0       0
Total ram usage:        0 bytes
 Hardware stack levels used:    1
 Hardware stack levels required when called:    4
 This function calls:
		_Lcd_Cmd
 This function is called by:
		_main
 This function uses a non-reentrant model


 *************** function _Lcd_Cmd *****************
 Defined at:
		line 28 in file "./lcd.h"
 Parameters:    Size  Location     Type
  a               1    wreg     unsigned char 
 Auto vars:     Size  Location     Type
  a               1    6[COMMON] unsigned char 
 Return value:  Size  Location     Type
                  1    wreg      void 
 Registers used:
		wreg, status,2, status,0, pclath, cstack
 Tracked objects:
		On entry : 
		On exit  : 
		Unchanged: 
 Data sizes:     COMMON   BANK0   BANK1   BANK3   BANK2
      Params:         0       0       0       0       0
      Locals:         1       0       0       0       0
      Temps:          2       0       0       0       0
      Totals:         3       0       0       0       0
Total ram usage:        3 bytes
 Hardware stack levels used:    1
 Hardware stack levels required when called:    3
 This function calls:
		_Lcd_Port
 This function is called by:
		_Lcd_Clear
		_Lcd_Set_Cursor
		_Lcd_Init
		_Lcd_Shift_Right
		_Lcd_Shift_Left
 This function uses a non-reentrant model


 *************** function _Lcd_Port *****************
 Defined at:
		line 6 in file "./lcd.h"
 Parameters:    Size  Location     Type
  a               1    wreg     unsigned char 
 Auto vars:     Size  Location     Type
  a               1    3[COMMON] unsigned char 
 Return value:  Size  Location     Type
                  1    wreg      void 
 Registers used:
		wreg
 Tracked objects:
		On entry : 
		On exit  : 
		Unchanged: 
 Data sizes:     COMMON   BANK0   BANK1   BANK3   BANK2
      Params:         0       0       0       0       0
      Locals:         1       0       0       0       0
      Temps:          0       0       0       0       0
      Totals:         1       0       0       0       0
Total ram usage:        1 bytes
 Hardware stack levels used:    1
 Hardware stack levels required when called:    2
 This function calls:
		Nothing
 This function is called by:
		_Lcd_Cmd
		_Lcd_Init
		_Lcd_Write_Char
 This function uses a non-reentrant model


 *************** function _isr *****************
 Defined at:
		line 74 in file "PIC_Master.c"
 Parameters:    Size  Location     Type
		None
 Auto vars:     Size  Location     Type
		None
 Return value:  Size  Location     Type
                  1    wreg      void 
 Registers used:
		wreg, pclath, cstack
 Tracked objects:
		On entry : 
		On exit  : 
		Unchanged: 
 Data sizes:     COMMON   BANK0   BANK1   BANK3   BANK2
      Params:         0       0       0       0       0
      Locals:         0       0       0       0       0
      Temps:          3       0       0       0       0
      Totals:         3       0       0       0       0
Total ram usage:        3 bytes
 Hardware stack levels used:    1
 Hardware stack levels required when called:    1
 This function calls:
		_UART_get_char
 This function is called by:
		Interrupt level 1
 This function uses a non-reentrant model


 *************** function _UART_get_char *****************
 Defined at:
		line 37 in file "USART.c"
 Parameters:    Size  Location     Type
		None
 Auto vars:     Size  Location     Type
		None
 Return value:  Size  Location     Type
                  1    wreg      unsigned char 
 Registers used:
		wreg
 Tracked objects:
		On entry : 
		On exit  : 
		Unchanged: 
 Data sizes:     COMMON   BANK0   BANK1   BANK3   BANK2
      Params:         0       0       0       0       0
      Locals:         0       0       0       0       0
      Temps:          0       0       0       0       0
      Totals:         0       0       0       0       0
Total ram usage:        0 bytes
 Hardware stack levels used:    1
 This function calls:
		Nothing
 This function is called by:
		_isr
 This function uses a non-reentrant model



MODULE INFORMATION

Module		Function		Class		Link	Load	Size
USART.c
		_UART_get_char 		CODE           	0B5E	0000	14
		_UART_send_string		CODE           	0BB7	0000	31
		_UART_send_char		CODE           	0B47	0000	10
		_UART_config   		CODE           	0B9C	0000	27

USART.c estimated size: 82

C:\Program Files\Microchip\xc8\v2.31\pic\sources\c90\common\sprcmul.c
		___flmul       		CODE           	0025	0000	865

C:\Program Files\Microchip\xc8\v2.31\pic\sources\c90\common\sprcmul.c estimated size: 865

C:\Program Files\Microchip\xc8\v2.31\pic\sources\c90\common\Umul8_16.c
		__Umul8_16     		CODE           	0C20	0000	41

C:\Program Files\Microchip\xc8\v2.31\pic\sources\c90\common\Umul8_16.c estimated size: 41

C:\Program Files\Microchip\xc8\v2.31\pic\sources\c90\common\Umul16.c
		___wmul        		CODE           	0C49	0000	43

C:\Program Files\Microchip\xc8\v2.31\pic\sources\c90\common\Umul16.c estimated size: 43

./lcd.h
		_Lcd_Write_String		CODE           	0BF7	0000	41
		_Lcd_Init      		CODE           	0D81	0000	98
		_Lcd_Write_Char		CODE           	0CAA	0000	57
		_Lcd_Cmd       		CODE           	0B82	0000	26
		_Lcd_Set_Cursor		CODE           	0D29	0000	88
		_Lcd_Clear     		CODE           	0B51	0000	13
		_Lcd_Port      		CODE           	07DA	0000	34

./lcd.h estimated size: 357

C:\Program Files\Microchip\xc8\v2.31\pic\sources\c90\common\lwdiv.c
		___lwdiv       		CODE           	0CE3	0000	70

C:\Program Files\Microchip\xc8\v2.31\pic\sources\c90\common\lwdiv.c estimated size: 70

shared
		__stringtab    		STRING         	0800	0000	6
		__initialization		CODE           	000F	0000	18

shared estimated size: 24

C:\Program Files\Microchip\xc8\v2.31\pic\sources\c90\common\fltol.c
		___fltol       		CODE           	0EC8	0000	124

C:\Program Files\Microchip\xc8\v2.31\pic\sources\c90\common\fltol.c estimated size: 124

C:\Program Files\Microchip\xc8\v2.31\pic\sources\c90\common\xxtofl.c
		___xxtofl      		CODE           	0F44	0000	188

C:\Program Files\Microchip\xc8\v2.31\pic\sources\c90\common\xxtofl.c estimated size: 188

SPI.c
		_spiWrite      		CODE           	0B31	0000	6
		_spiInit       		CODE           	0B6C	0000	22
		_spiReceiveWait		CODE           	0B37	0000	7
		_spiRead       		CODE           	0B3E	0000	9

SPI.c estimated size: 44

PIC_Master.c
		_conv_Numero_A_String		CODE           	0E55	0000	115
		_main          		CODE           	0386	0000	815
		_isr           		CODE           	0BD6	0000	33
		_conv_Numero_A_StringContador		CODE           	0DE3	0000	114
		_setup         		CODE           	0C74	0000	54
		_conv_Numero_A_StringTemperatura		CODE           	06B5	0000	293

PIC_Master.c estimated size: 1424

